  Determining projects to restore...
  All projects are up-to-date for restore.
  AssetManagement.Domain -> C:\Users\IS\Documents\Visual Studio 2022\Projects - Copy (2)\AssetManagementSystem - Complete No Auth - Copy\AssetManagement.Domain\bin\Debug\net9.0\AssetManagement.Domain.dll
C:\Users\IS\Documents\Visual Studio 2022\Projects - Copy (2)\AssetManagementSystem - Complete No Auth - Copy\AssetManagement.Application\Handlers\Auth\AuthHandlers.cs(5,23): error CS0234: The type or namespace name 'Infrastructure' does not exist in the namespace 'AssetManagement' (are you missing an assembly reference?) [C:\Users\IS\Documents\Visual Studio 2022\Projects - Copy (2)\AssetManagementSystem - Complete No Auth - Copy\AssetManagement.Application\AssetManagement.Application.csproj]
C:\Users\IS\Documents\Visual Studio 2022\Projects - Copy (2)\AssetManagementSystem - Complete No Auth - Copy\AssetManagement.Application\Handlers\Auth\AuthHandlers.cs(7,17): error CS0234: The type or namespace name 'AspNetCore' does not exist in the namespace 'Microsoft' (are you missing an assembly reference?) [C:\Users\IS\Documents\Visual Studio 2022\Projects - Copy (2)\AssetManagementSystem - Complete No Auth - Copy\AssetManagement.Application\AssetManagement.Application.csproj]
C:\Users\IS\Documents\Visual Studio 2022\Projects - Copy (2)\AssetManagementSystem - Complete No Auth - Copy\AssetManagement.Application\Handlers\Auth\AuthHandlers.cs(8,17): error CS0234: The type or namespace name 'EntityFrameworkCore' does not exist in the namespace 'Microsoft' (are you missing an assembly reference?) [C:\Users\IS\Documents\Visual Studio 2022\Projects - Copy (2)\AssetManagementSystem - Complete No Auth - Copy\AssetManagement.Application\AssetManagement.Application.csproj]
C:\Users\IS\Documents\Visual Studio 2022\Projects - Copy (2)\AssetManagementSystem - Complete No Auth - Copy\AssetManagement.Application\Handlers\Auth\GetCurrentUserHandler.cs(3,23): error CS0234: The type or namespace name 'Infrastructure' does not exist in the namespace 'AssetManagement' (are you missing an assembly reference?) [C:\Users\IS\Documents\Visual Studio 2022\Projects - Copy (2)\AssetManagementSystem - Complete No Auth - Copy\AssetManagement.Application\AssetManagement.Application.csproj]
C:\Users\IS\Documents\Visual Studio 2022\Projects - Copy (2)\AssetManagementSystem - Complete No Auth - Copy\AssetManagement.Application\Handlers\Auth\GetCurrentUserHandler.cs(5,17): error CS0234: The type or namespace name 'AspNetCore' does not exist in the namespace 'Microsoft' (are you missing an assembly reference?) [C:\Users\IS\Documents\Visual Studio 2022\Projects - Copy (2)\AssetManagementSystem - Complete No Auth - Copy\AssetManagement.Application\AssetManagement.Application.csproj]
C:\Users\IS\Documents\Visual Studio 2022\Projects - Copy (2)\AssetManagementSystem - Complete No Auth - Copy\AssetManagement.Application\Handlers\Auth\GetCurrentUserHandler.cs(6,17): error CS0234: The type or namespace name 'EntityFrameworkCore' does not exist in the namespace 'Microsoft' (are you missing an assembly reference?) [C:\Users\IS\Documents\Visual Studio 2022\Projects - Copy (2)\AssetManagementSystem - Complete No Auth - Copy\AssetManagement.Application\AssetManagement.Application.csproj]
C:\Users\IS\Documents\Visual Studio 2022\Projects - Copy (2)\AssetManagementSystem - Complete No Auth - Copy\AssetManagement.Application\Handlers\Auth\PermissionHandlers.cs(4,23): error CS0234: The type or namespace name 'Infrastructure' does not exist in the namespace 'AssetManagement' (are you missing an assembly reference?) [C:\Users\IS\Documents\Visual Studio 2022\Projects - Copy (2)\AssetManagementSystem - Complete No Auth - Copy\AssetManagement.Application\AssetManagement.Application.csproj]
C:\Users\IS\Documents\Visual Studio 2022\Projects - Copy (2)\AssetManagementSystem - Complete No Auth - Copy\AssetManagement.Application\Handlers\Auth\PermissionHandlers.cs(6,17): error CS0234: The type or namespace name 'EntityFrameworkCore' does not exist in the namespace 'Microsoft' (are you missing an assembly reference?) [C:\Users\IS\Documents\Visual Studio 2022\Projects - Copy (2)\AssetManagementSystem - Complete No Auth - Copy\AssetManagement.Application\AssetManagement.Application.csproj]
C:\Users\IS\Documents\Visual Studio 2022\Projects - Copy (2)\AssetManagementSystem - Complete No Auth - Copy\AssetManagement.Application\Handlers\Auth\PermissionQueryHandlers.cs(3,23): error CS0234: The type or namespace name 'Infrastructure' does not exist in the namespace 'AssetManagement' (are you missing an assembly reference?) [C:\Users\IS\Documents\Visual Studio 2022\Projects - Copy (2)\AssetManagementSystem - Complete No Auth - Copy\AssetManagement.Application\AssetManagement.Application.csproj]
C:\Users\IS\Documents\Visual Studio 2022\Projects - Copy (2)\AssetManagementSystem - Complete No Auth - Copy\AssetManagement.Application\Handlers\Auth\PermissionQueryHandlers.cs(5,17): error CS0234: The type or namespace name 'EntityFrameworkCore' does not exist in the namespace 'Microsoft' (are you missing an assembly reference?) [C:\Users\IS\Documents\Visual Studio 2022\Projects - Copy (2)\AssetManagementSystem - Complete No Auth - Copy\AssetManagement.Application\AssetManagement.Application.csproj]
C:\Users\IS\Documents\Visual Studio 2022\Projects - Copy (2)\AssetManagementSystem - Complete No Auth - Copy\AssetManagement.Application\Services\ITokenService.cs(1,17): error CS0234: The type or namespace name 'AspNetCore' does not exist in the namespace 'Microsoft' (are you missing an assembly reference?) [C:\Users\IS\Documents\Visual Studio 2022\Projects - Copy (2)\AssetManagementSystem - Complete No Auth - Copy\AssetManagement.Application\AssetManagement.Application.csproj]
C:\Users\IS\Documents\Visual Studio 2022\Projects - Copy (2)\AssetManagementSystem - Complete No Auth - Copy\AssetManagement.Application\Services\ITokenService.cs(8,32): error CS0246: The type or namespace name 'IdentityUser' could not be found (are you missing a using directive or an assembly reference?) [C:\Users\IS\Documents\Visual Studio 2022\Projects - Copy (2)\AssetManagementSystem - Complete No Auth - Copy\AssetManagement.Application\AssetManagement.Application.csproj]
C:\Users\IS\Documents\Visual Studio 2022\Projects - Copy (2)\AssetManagementSystem - Complete No Auth - Copy\AssetManagement.Application\Handlers\Auth\AuthHandlers.cs(78,22): error CS0246: The type or namespace name 'UserManager<>' could not be found (are you missing a using directive or an assembly reference?) [C:\Users\IS\Documents\Visual Studio 2022\Projects - Copy (2)\AssetManagementSystem - Complete No Auth - Copy\AssetManagement.Application\AssetManagement.Application.csproj]
C:\Users\IS\Documents\Visual Studio 2022\Projects - Copy (2)\AssetManagementSystem - Complete No Auth - Copy\AssetManagement.Application\Handlers\Auth\AuthHandlers.cs(78,34): error CS0246: The type or namespace name 'IdentityUser' could not be found (are you missing a using directive or an assembly reference?) [C:\Users\IS\Documents\Visual Studio 2022\Projects - Copy (2)\AssetManagementSystem - Complete No Auth - Copy\AssetManagement.Application\AssetManagement.Application.csproj]
C:\Users\IS\Documents\Visual Studio 2022\Projects - Copy (2)\AssetManagementSystem - Complete No Auth - Copy\AssetManagement.Application\Handlers\Auth\AuthHandlers.cs(14,22): error CS0246: The type or namespace name 'UserManager<>' could not be found (are you missing a using directive or an assembly reference?) [C:\Users\IS\Documents\Visual Studio 2022\Projects - Copy (2)\AssetManagementSystem - Complete No Auth - Copy\AssetManagement.Application\AssetManagement.Application.csproj]
C:\Users\IS\Documents\Visual Studio 2022\Projects - Copy (2)\AssetManagementSystem - Complete No Auth - Copy\AssetManagement.Application\Handlers\Auth\AuthHandlers.cs(14,34): error CS0246: The type or namespace name 'IdentityUser' could not be found (are you missing a using directive or an assembly reference?) [C:\Users\IS\Documents\Visual Studio 2022\Projects - Copy (2)\AssetManagementSystem - Complete No Auth - Copy\AssetManagement.Application\AssetManagement.Application.csproj]
C:\Users\IS\Documents\Visual Studio 2022\Projects - Copy (2)\AssetManagementSystem - Complete No Auth - Copy\AssetManagement.Application\Handlers\Auth\AuthHandlers.cs(79,22): error CS0246: The type or namespace name 'SignInManager<>' could not be found (are you missing a using directive or an assembly reference?) [C:\Users\IS\Documents\Visual Studio 2022\Projects - Copy (2)\AssetManagementSystem - Complete No Auth - Copy\AssetManagement.Application\AssetManagement.Application.csproj]
C:\Users\IS\Documents\Visual Studio 2022\Projects - Copy (2)\AssetManagementSystem - Complete No Auth - Copy\AssetManagement.Application\Handlers\Auth\AuthHandlers.cs(79,36): error CS0246: The type or namespace name 'IdentityUser' could not be found (are you missing a using directive or an assembly reference?) [C:\Users\IS\Documents\Visual Studio 2022\Projects - Copy (2)\AssetManagementSystem - Complete No Auth - Copy\AssetManagement.Application\AssetManagement.Application.csproj]
C:\Users\IS\Documents\Visual Studio 2022\Projects - Copy (2)\AssetManagementSystem - Complete No Auth - Copy\AssetManagement.Application\Handlers\Auth\AuthHandlers.cs(16,22): error CS0246: The type or namespace name 'AppDbContext' could not be found (are you missing a using directive or an assembly reference?) [C:\Users\IS\Documents\Visual Studio 2022\Projects - Copy (2)\AssetManagementSystem - Complete No Auth - Copy\AssetManagement.Application\AssetManagement.Application.csproj]
C:\Users\IS\Documents\Visual Studio 2022\Projects - Copy (2)\AssetManagementSystem - Complete No Auth - Copy\AssetManagement.Application\Handlers\Auth\AuthHandlers.cs(81,22): error CS0246: The type or namespace name 'AppDbContext' could not be found (are you missing a using directive or an assembly reference?) [C:\Users\IS\Documents\Visual Studio 2022\Projects - Copy (2)\AssetManagementSystem - Complete No Auth - Copy\AssetManagement.Application\AssetManagement.Application.csproj]
C:\Users\IS\Documents\Visual Studio 2022\Projects - Copy (2)\AssetManagementSystem - Complete No Auth - Copy\AssetManagement.Application\Handlers\Auth\AuthHandlers.cs(18,35): error CS0246: The type or namespace name 'UserManager<>' could not be found (are you missing a using directive or an assembly reference?) [C:\Users\IS\Documents\Visual Studio 2022\Projects - Copy (2)\AssetManagementSystem - Complete No Auth - Copy\AssetManagement.Application\AssetManagement.Application.csproj]
C:\Users\IS\Documents\Visual Studio 2022\Projects - Copy (2)\AssetManagementSystem - Complete No Auth - Copy\AssetManagement.Application\Handlers\Auth\AuthHandlers.cs(18,47): error CS0246: The type or namespace name 'IdentityUser' could not be found (are you missing a using directive or an assembly reference?) [C:\Users\IS\Documents\Visual Studio 2022\Projects - Copy (2)\AssetManagementSystem - Complete No Auth - Copy\AssetManagement.Application\AssetManagement.Application.csproj]
C:\Users\IS\Documents\Visual Studio 2022\Projects - Copy (2)\AssetManagementSystem - Complete No Auth - Copy\AssetManagement.Application\Handlers\Auth\AuthHandlers.cs(18,102): error CS0246: The type or namespace name 'AppDbContext' could not be found (are you missing a using directive or an assembly reference?) [C:\Users\IS\Documents\Visual Studio 2022\Projects - Copy (2)\AssetManagementSystem - Complete No Auth - Copy\AssetManagement.Application\AssetManagement.Application.csproj]
C:\Users\IS\Documents\Visual Studio 2022\Projects - Copy (2)\AssetManagementSystem - Complete No Auth - Copy\AssetManagement.Application\Handlers\Auth\AuthHandlers.cs(84,9): error CS0246: The type or namespace name 'UserManager<>' could not be found (are you missing a using directive or an assembly reference?) [C:\Users\IS\Documents\Visual Studio 2022\Projects - Copy (2)\AssetManagementSystem - Complete No Auth - Copy\AssetManagement.Application\AssetManagement.Application.csproj]
C:\Users\IS\Documents\Visual Studio 2022\Projects - Copy (2)\AssetManagementSystem - Complete No Auth - Copy\AssetManagement.Application\Handlers\Auth\AuthHandlers.cs(84,21): error CS0246: The type or namespace name 'IdentityUser' could not be found (are you missing a using directive or an assembly reference?) [C:\Users\IS\Documents\Visual Studio 2022\Projects - Copy (2)\AssetManagementSystem - Complete No Auth - Copy\AssetManagement.Application\AssetManagement.Application.csproj]
C:\Users\IS\Documents\Visual Studio 2022\Projects - Copy (2)\AssetManagementSystem - Complete No Auth - Copy\AssetManagement.Application\Handlers\Auth\AuthHandlers.cs(85,9): error CS0246: The type or namespace name 'SignInManager<>' could not be found (are you missing a using directive or an assembly reference?) [C:\Users\IS\Documents\Visual Studio 2022\Projects - Copy (2)\AssetManagementSystem - Complete No Auth - Copy\AssetManagement.Application\AssetManagement.Application.csproj]
C:\Users\IS\Documents\Visual Studio 2022\Projects - Copy (2)\AssetManagementSystem - Complete No Auth - Copy\AssetManagement.Application\Handlers\Auth\AuthHandlers.cs(85,23): error CS0246: The type or namespace name 'IdentityUser' could not be found (are you missing a using directive or an assembly reference?) [C:\Users\IS\Documents\Visual Studio 2022\Projects - Copy (2)\AssetManagementSystem - Complete No Auth - Copy\AssetManagement.Application\AssetManagement.Application.csproj]
C:\Users\IS\Documents\Visual Studio 2022\Projects - Copy (2)\AssetManagementSystem - Complete No Auth - Copy\AssetManagement.Application\Handlers\Auth\AuthHandlers.cs(87,9): error CS0246: The type or namespace name 'AppDbContext' could not be found (are you missing a using directive or an assembly reference?) [C:\Users\IS\Documents\Visual Studio 2022\Projects - Copy (2)\AssetManagementSystem - Complete No Auth - Copy\AssetManagement.Application\AssetManagement.Application.csproj]
C:\Users\IS\Documents\Visual Studio 2022\Projects - Copy (2)\AssetManagementSystem - Complete No Auth - Copy\AssetManagement.Application\Handlers\Auth\PermissionHandlers.cs(12,22): error CS0246: The type or namespace name 'AppDbContext' could not be found (are you missing a using directive or an assembly reference?) [C:\Users\IS\Documents\Visual Studio 2022\Projects - Copy (2)\AssetManagementSystem - Complete No Auth - Copy\AssetManagement.Application\AssetManagement.Application.csproj]
C:\Users\IS\Documents\Visual Studio 2022\Projects - Copy (2)\AssetManagementSystem - Complete No Auth - Copy\AssetManagement.Application\Handlers\Auth\PermissionHandlers.cs(14,43): error CS0246: The type or namespace name 'AppDbContext' could not be found (are you missing a using directive or an assembly reference?) [C:\Users\IS\Documents\Visual Studio 2022\Projects - Copy (2)\AssetManagementSystem - Complete No Auth - Copy\AssetManagement.Application\AssetManagement.Application.csproj]
C:\Users\IS\Documents\Visual Studio 2022\Projects - Copy (2)\AssetManagementSystem - Complete No Auth - Copy\AssetManagement.Application\Handlers\Auth\GetCurrentUserHandler.cs(12,22): error CS0246: The type or namespace name 'UserManager<>' could not be found (are you missing a using directive or an assembly reference?) [C:\Users\IS\Documents\Visual Studio 2022\Projects - Copy (2)\AssetManagementSystem - Complete No Auth - Copy\AssetManagement.Application\AssetManagement.Application.csproj]
C:\Users\IS\Documents\Visual Studio 2022\Projects - Copy (2)\AssetManagementSystem - Complete No Auth - Copy\AssetManagement.Application\Handlers\Auth\GetCurrentUserHandler.cs(12,34): error CS0246: The type or namespace name 'IdentityUser' could not be found (are you missing a using directive or an assembly reference?) [C:\Users\IS\Documents\Visual Studio 2022\Projects - Copy (2)\AssetManagementSystem - Complete No Auth - Copy\AssetManagement.Application\AssetManagement.Application.csproj]
C:\Users\IS\Documents\Visual Studio 2022\Projects - Copy (2)\AssetManagementSystem - Complete No Auth - Copy\AssetManagement.Application\Handlers\Auth\GetCurrentUserHandler.cs(13,22): error CS0246: The type or namespace name 'AppDbContext' could not be found (are you missing a using directive or an assembly reference?) [C:\Users\IS\Documents\Visual Studio 2022\Projects - Copy (2)\AssetManagementSystem - Complete No Auth - Copy\AssetManagement.Application\AssetManagement.Application.csproj]
C:\Users\IS\Documents\Visual Studio 2022\Projects - Copy (2)\AssetManagementSystem - Complete No Auth - Copy\AssetManagement.Application\Handlers\Auth\PermissionHandlers.cs(68,22): error CS0246: The type or namespace name 'AppDbContext' could not be found (are you missing a using directive or an assembly reference?) [C:\Users\IS\Documents\Visual Studio 2022\Projects - Copy (2)\AssetManagementSystem - Complete No Auth - Copy\AssetManagement.Application\AssetManagement.Application.csproj]
C:\Users\IS\Documents\Visual Studio 2022\Projects - Copy (2)\AssetManagementSystem - Complete No Auth - Copy\AssetManagement.Application\Handlers\Auth\PermissionHandlers.cs(70,43): error CS0246: The type or namespace name 'AppDbContext' could not be found (are you missing a using directive or an assembly reference?) [C:\Users\IS\Documents\Visual Studio 2022\Projects - Copy (2)\AssetManagementSystem - Complete No Auth - Copy\AssetManagement.Application\AssetManagement.Application.csproj]
C:\Users\IS\Documents\Visual Studio 2022\Projects - Copy (2)\AssetManagementSystem - Complete No Auth - Copy\AssetManagement.Application\Handlers\Auth\GetCurrentUserHandler.cs(15,39): error CS0246: The type or namespace name 'UserManager<>' could not be found (are you missing a using directive or an assembly reference?) [C:\Users\IS\Documents\Visual Studio 2022\Projects - Copy (2)\AssetManagementSystem - Complete No Auth - Copy\AssetManagement.Application\AssetManagement.Application.csproj]
C:\Users\IS\Documents\Visual Studio 2022\Projects - Copy (2)\AssetManagementSystem - Complete No Auth - Copy\AssetManagement.Application\Handlers\Auth\GetCurrentUserHandler.cs(15,51): error CS0246: The type or namespace name 'IdentityUser' could not be found (are you missing a using directive or an assembly reference?) [C:\Users\IS\Documents\Visual Studio 2022\Projects - Copy (2)\AssetManagementSystem - Complete No Auth - Copy\AssetManagement.Application\AssetManagement.Application.csproj]
C:\Users\IS\Documents\Visual Studio 2022\Projects - Copy (2)\AssetManagementSystem - Complete No Auth - Copy\AssetManagement.Application\Handlers\Auth\GetCurrentUserHandler.cs(15,78): error CS0246: The type or namespace name 'AppDbContext' could not be found (are you missing a using directive or an assembly reference?) [C:\Users\IS\Documents\Visual Studio 2022\Projects - Copy (2)\AssetManagementSystem - Complete No Auth - Copy\AssetManagement.Application\AssetManagement.Application.csproj]
C:\Users\IS\Documents\Visual Studio 2022\Projects - Copy (2)\AssetManagementSystem - Complete No Auth - Copy\AssetManagement.Application\Handlers\Auth\PermissionHandlers.cs(44,22): error CS0246: The type or namespace name 'AppDbContext' could not be found (are you missing a using directive or an assembly reference?) [C:\Users\IS\Documents\Visual Studio 2022\Projects - Copy (2)\AssetManagementSystem - Complete No Auth - Copy\AssetManagement.Application\AssetManagement.Application.csproj]
C:\Users\IS\Documents\Visual Studio 2022\Projects - Copy (2)\AssetManagementSystem - Complete No Auth - Copy\AssetManagement.Application\Handlers\Auth\PermissionHandlers.cs(46,43): error CS0246: The type or namespace name 'AppDbContext' could not be found (are you missing a using directive or an assembly reference?) [C:\Users\IS\Documents\Visual Studio 2022\Projects - Copy (2)\AssetManagementSystem - Complete No Auth - Copy\AssetManagement.Application\AssetManagement.Application.csproj]
C:\Users\IS\Documents\Visual Studio 2022\Projects - Copy (2)\AssetManagementSystem - Complete No Auth - Copy\AssetManagement.Application\Handlers\Auth\PermissionQueryHandlers.cs(11,22): error CS0246: The type or namespace name 'AppDbContext' could not be found (are you missing a using directive or an assembly reference?) [C:\Users\IS\Documents\Visual Studio 2022\Projects - Copy (2)\AssetManagementSystem - Complete No Auth - Copy\AssetManagement.Application\AssetManagement.Application.csproj]
C:\Users\IS\Documents\Visual Studio 2022\Projects - Copy (2)\AssetManagementSystem - Complete No Auth - Copy\AssetManagement.Application\Handlers\Auth\PermissionQueryHandlers.cs(13,42): error CS0246: The type or namespace name 'AppDbContext' could not be found (are you missing a using directive or an assembly reference?) [C:\Users\IS\Documents\Visual Studio 2022\Projects - Copy (2)\AssetManagementSystem - Complete No Auth - Copy\AssetManagement.Application\AssetManagement.Application.csproj]
C:\Users\IS\Documents\Visual Studio 2022\Projects - Copy (2)\AssetManagementSystem - Complete No Auth - Copy\AssetManagement.Application\Handlers\Auth\PermissionQueryHandlers.cs(35,22): error CS0246: The type or namespace name 'AppDbContext' could not be found (are you missing a using directive or an assembly reference?) [C:\Users\IS\Documents\Visual Studio 2022\Projects - Copy (2)\AssetManagementSystem - Complete No Auth - Copy\AssetManagement.Application\AssetManagement.Application.csproj]
C:\Users\IS\Documents\Visual Studio 2022\Projects - Copy (2)\AssetManagementSystem - Complete No Auth - Copy\AssetManagement.Application\Handlers\Auth\PermissionQueryHandlers.cs(37,49): error CS0246: The type or namespace name 'AppDbContext' could not be found (are you missing a using directive or an assembly reference?) [C:\Users\IS\Documents\Visual Studio 2022\Projects - Copy (2)\AssetManagementSystem - Complete No Auth - Copy\AssetManagement.Application\AssetManagement.Application.csproj]
C:\Users\IS\Documents\Visual Studio 2022\Projects - Copy (2)\AssetManagementSystem - Complete No Auth - Copy\AssetManagement.Application\Handlers\Auth\PermissionQueryHandlers.cs(60,22): error CS0246: The type or namespace name 'AppDbContext' could not be found (are you missing a using directive or an assembly reference?) [C:\Users\IS\Documents\Visual Studio 2022\Projects - Copy (2)\AssetManagementSystem - Complete No Auth - Copy\AssetManagement.Application\AssetManagement.Application.csproj]
C:\Users\IS\Documents\Visual Studio 2022\Projects - Copy (2)\AssetManagementSystem - Complete No Auth - Copy\AssetManagement.Application\Handlers\Auth\PermissionQueryHandlers.cs(62,48): error CS0246: The type or namespace name 'AppDbContext' could not be found (are you missing a using directive or an assembly reference?) [C:\Users\IS\Documents\Visual Studio 2022\Projects - Copy (2)\AssetManagementSystem - Complete No Auth - Copy\AssetManagement.Application\AssetManagement.Application.csproj]

Build FAILED.

C:\Users\IS\Documents\Visual Studio 2022\Projects - Copy (2)\AssetManagementSystem - Complete No Auth - Copy\AssetManagement.Application\Handlers\Auth\AuthHandlers.cs(5,23): error CS0234: The type or namespace name 'Infrastructure' does not exist in the namespace 'AssetManagement' (are you missing an assembly reference?) [C:\Users\IS\Documents\Visual Studio 2022\Projects - Copy (2)\AssetManagementSystem - Complete No Auth - Copy\AssetManagement.Application\AssetManagement.Application.csproj]
C:\Users\IS\Documents\Visual Studio 2022\Projects - Copy (2)\AssetManagementSystem - Complete No Auth - Copy\AssetManagement.Application\Handlers\Auth\AuthHandlers.cs(7,17): error CS0234: The type or namespace name 'AspNetCore' does not exist in the namespace 'Microsoft' (are you missing an assembly reference?) [C:\Users\IS\Documents\Visual Studio 2022\Projects - Copy (2)\AssetManagementSystem - Complete No Auth - Copy\AssetManagement.Application\AssetManagement.Application.csproj]
C:\Users\IS\Documents\Visual Studio 2022\Projects - Copy (2)\AssetManagementSystem - Complete No Auth - Copy\AssetManagement.Application\Handlers\Auth\AuthHandlers.cs(8,17): error CS0234: The type or namespace name 'EntityFrameworkCore' does not exist in the namespace 'Microsoft' (are you missing an assembly reference?) [C:\Users\IS\Documents\Visual Studio 2022\Projects - Copy (2)\AssetManagementSystem - Complete No Auth - Copy\AssetManagement.Application\AssetManagement.Application.csproj]
C:\Users\IS\Documents\Visual Studio 2022\Projects - Copy (2)\AssetManagementSystem - Complete No Auth - Copy\AssetManagement.Application\Handlers\Auth\GetCurrentUserHandler.cs(3,23): error CS0234: The type or namespace name 'Infrastructure' does not exist in the namespace 'AssetManagement' (are you missing an assembly reference?) [C:\Users\IS\Documents\Visual Studio 2022\Projects - Copy (2)\AssetManagementSystem - Complete No Auth - Copy\AssetManagement.Application\AssetManagement.Application.csproj]
C:\Users\IS\Documents\Visual Studio 2022\Projects - Copy (2)\AssetManagementSystem - Complete No Auth - Copy\AssetManagement.Application\Handlers\Auth\GetCurrentUserHandler.cs(5,17): error CS0234: The type or namespace name 'AspNetCore' does not exist in the namespace 'Microsoft' (are you missing an assembly reference?) [C:\Users\IS\Documents\Visual Studio 2022\Projects - Copy (2)\AssetManagementSystem - Complete No Auth - Copy\AssetManagement.Application\AssetManagement.Application.csproj]
C:\Users\IS\Documents\Visual Studio 2022\Projects - Copy (2)\AssetManagementSystem - Complete No Auth - Copy\AssetManagement.Application\Handlers\Auth\GetCurrentUserHandler.cs(6,17): error CS0234: The type or namespace name 'EntityFrameworkCore' does not exist in the namespace 'Microsoft' (are you missing an assembly reference?) [C:\Users\IS\Documents\Visual Studio 2022\Projects - Copy (2)\AssetManagementSystem - Complete No Auth - Copy\AssetManagement.Application\AssetManagement.Application.csproj]
C:\Users\IS\Documents\Visual Studio 2022\Projects - Copy (2)\AssetManagementSystem - Complete No Auth - Copy\AssetManagement.Application\Handlers\Auth\PermissionHandlers.cs(4,23): error CS0234: The type or namespace name 'Infrastructure' does not exist in the namespace 'AssetManagement' (are you missing an assembly reference?) [C:\Users\IS\Documents\Visual Studio 2022\Projects - Copy (2)\AssetManagementSystem - Complete No Auth - Copy\AssetManagement.Application\AssetManagement.Application.csproj]
C:\Users\IS\Documents\Visual Studio 2022\Projects - Copy (2)\AssetManagementSystem - Complete No Auth - Copy\AssetManagement.Application\Handlers\Auth\PermissionHandlers.cs(6,17): error CS0234: The type or namespace name 'EntityFrameworkCore' does not exist in the namespace 'Microsoft' (are you missing an assembly reference?) [C:\Users\IS\Documents\Visual Studio 2022\Projects - Copy (2)\AssetManagementSystem - Complete No Auth - Copy\AssetManagement.Application\AssetManagement.Application.csproj]
C:\Users\IS\Documents\Visual Studio 2022\Projects - Copy (2)\AssetManagementSystem - Complete No Auth - Copy\AssetManagement.Application\Handlers\Auth\PermissionQueryHandlers.cs(3,23): error CS0234: The type or namespace name 'Infrastructure' does not exist in the namespace 'AssetManagement' (are you missing an assembly reference?) [C:\Users\IS\Documents\Visual Studio 2022\Projects - Copy (2)\AssetManagementSystem - Complete No Auth - Copy\AssetManagement.Application\AssetManagement.Application.csproj]
C:\Users\IS\Documents\Visual Studio 2022\Projects - Copy (2)\AssetManagementSystem - Complete No Auth - Copy\AssetManagement.Application\Handlers\Auth\PermissionQueryHandlers.cs(5,17): error CS0234: The type or namespace name 'EntityFrameworkCore' does not exist in the namespace 'Microsoft' (are you missing an assembly reference?) [C:\Users\IS\Documents\Visual Studio 2022\Projects - Copy (2)\AssetManagementSystem - Complete No Auth - Copy\AssetManagement.Application\AssetManagement.Application.csproj]
C:\Users\IS\Documents\Visual Studio 2022\Projects - Copy (2)\AssetManagementSystem - Complete No Auth - Copy\AssetManagement.Application\Services\ITokenService.cs(1,17): error CS0234: The type or namespace name 'AspNetCore' does not exist in the namespace 'Microsoft' (are you missing an assembly reference?) [C:\Users\IS\Documents\Visual Studio 2022\Projects - Copy (2)\AssetManagementSystem - Complete No Auth - Copy\AssetManagement.Application\AssetManagement.Application.csproj]
C:\Users\IS\Documents\Visual Studio 2022\Projects - Copy (2)\AssetManagementSystem - Complete No Auth - Copy\AssetManagement.Application\Services\ITokenService.cs(8,32): error CS0246: The type or namespace name 'IdentityUser' could not be found (are you missing a using directive or an assembly reference?) [C:\Users\IS\Documents\Visual Studio 2022\Projects - Copy (2)\AssetManagementSystem - Complete No Auth - Copy\AssetManagement.Application\AssetManagement.Application.csproj]
C:\Users\IS\Documents\Visual Studio 2022\Projects - Copy (2)\AssetManagementSystem - Complete No Auth - Copy\AssetManagement.Application\Handlers\Auth\AuthHandlers.cs(78,22): error CS0246: The type or namespace name 'UserManager<>' could not be found (are you missing a using directive or an assembly reference?) [C:\Users\IS\Documents\Visual Studio 2022\Projects - Copy (2)\AssetManagementSystem - Complete No Auth - Copy\AssetManagement.Application\AssetManagement.Application.csproj]
C:\Users\IS\Documents\Visual Studio 2022\Projects - Copy (2)\AssetManagementSystem - Complete No Auth - Copy\AssetManagement.Application\Handlers\Auth\AuthHandlers.cs(78,34): error CS0246: The type or namespace name 'IdentityUser' could not be found (are you missing a using directive or an assembly reference?) [C:\Users\IS\Documents\Visual Studio 2022\Projects - Copy (2)\AssetManagementSystem - Complete No Auth - Copy\AssetManagement.Application\AssetManagement.Application.csproj]
C:\Users\IS\Documents\Visual Studio 2022\Projects - Copy (2)\AssetManagementSystem - Complete No Auth - Copy\AssetManagement.Application\Handlers\Auth\AuthHandlers.cs(14,22): error CS0246: The type or namespace name 'UserManager<>' could not be found (are you missing a using directive or an assembly reference?) [C:\Users\IS\Documents\Visual Studio 2022\Projects - Copy (2)\AssetManagementSystem - Complete No Auth - Copy\AssetManagement.Application\AssetManagement.Application.csproj]
C:\Users\IS\Documents\Visual Studio 2022\Projects - Copy (2)\AssetManagementSystem - Complete No Auth - Copy\AssetManagement.Application\Handlers\Auth\AuthHandlers.cs(14,34): error CS0246: The type or namespace name 'IdentityUser' could not be found (are you missing a using directive or an assembly reference?) [C:\Users\IS\Documents\Visual Studio 2022\Projects - Copy (2)\AssetManagementSystem - Complete No Auth - Copy\AssetManagement.Application\AssetManagement.Application.csproj]
C:\Users\IS\Documents\Visual Studio 2022\Projects - Copy (2)\AssetManagementSystem - Complete No Auth - Copy\AssetManagement.Application\Handlers\Auth\AuthHandlers.cs(79,22): error CS0246: The type or namespace name 'SignInManager<>' could not be found (are you missing a using directive or an assembly reference?) [C:\Users\IS\Documents\Visual Studio 2022\Projects - Copy (2)\AssetManagementSystem - Complete No Auth - Copy\AssetManagement.Application\AssetManagement.Application.csproj]
C:\Users\IS\Documents\Visual Studio 2022\Projects - Copy (2)\AssetManagementSystem - Complete No Auth - Copy\AssetManagement.Application\Handlers\Auth\AuthHandlers.cs(79,36): error CS0246: The type or namespace name 'IdentityUser' could not be found (are you missing a using directive or an assembly reference?) [C:\Users\IS\Documents\Visual Studio 2022\Projects - Copy (2)\AssetManagementSystem - Complete No Auth - Copy\AssetManagement.Application\AssetManagement.Application.csproj]
C:\Users\IS\Documents\Visual Studio 2022\Projects - Copy (2)\AssetManagementSystem - Complete No Auth - Copy\AssetManagement.Application\Handlers\Auth\AuthHandlers.cs(16,22): error CS0246: The type or namespace name 'AppDbContext' could not be found (are you missing a using directive or an assembly reference?) [C:\Users\IS\Documents\Visual Studio 2022\Projects - Copy (2)\AssetManagementSystem - Complete No Auth - Copy\AssetManagement.Application\AssetManagement.Application.csproj]
C:\Users\IS\Documents\Visual Studio 2022\Projects - Copy (2)\AssetManagementSystem - Complete No Auth - Copy\AssetManagement.Application\Handlers\Auth\AuthHandlers.cs(81,22): error CS0246: The type or namespace name 'AppDbContext' could not be found (are you missing a using directive or an assembly reference?) [C:\Users\IS\Documents\Visual Studio 2022\Projects - Copy (2)\AssetManagementSystem - Complete No Auth - Copy\AssetManagement.Application\AssetManagement.Application.csproj]
C:\Users\IS\Documents\Visual Studio 2022\Projects - Copy (2)\AssetManagementSystem - Complete No Auth - Copy\AssetManagement.Application\Handlers\Auth\AuthHandlers.cs(18,35): error CS0246: The type or namespace name 'UserManager<>' could not be found (are you missing a using directive or an assembly reference?) [C:\Users\IS\Documents\Visual Studio 2022\Projects - Copy (2)\AssetManagementSystem - Complete No Auth - Copy\AssetManagement.Application\AssetManagement.Application.csproj]
C:\Users\IS\Documents\Visual Studio 2022\Projects - Copy (2)\AssetManagementSystem - Complete No Auth - Copy\AssetManagement.Application\Handlers\Auth\AuthHandlers.cs(18,47): error CS0246: The type or namespace name 'IdentityUser' could not be found (are you missing a using directive or an assembly reference?) [C:\Users\IS\Documents\Visual Studio 2022\Projects - Copy (2)\AssetManagementSystem - Complete No Auth - Copy\AssetManagement.Application\AssetManagement.Application.csproj]
C:\Users\IS\Documents\Visual Studio 2022\Projects - Copy (2)\AssetManagementSystem - Complete No Auth - Copy\AssetManagement.Application\Handlers\Auth\AuthHandlers.cs(18,102): error CS0246: The type or namespace name 'AppDbContext' could not be found (are you missing a using directive or an assembly reference?) [C:\Users\IS\Documents\Visual Studio 2022\Projects - Copy (2)\AssetManagementSystem - Complete No Auth - Copy\AssetManagement.Application\AssetManagement.Application.csproj]
C:\Users\IS\Documents\Visual Studio 2022\Projects - Copy (2)\AssetManagementSystem - Complete No Auth - Copy\AssetManagement.Application\Handlers\Auth\AuthHandlers.cs(84,9): error CS0246: The type or namespace name 'UserManager<>' could not be found (are you missing a using directive or an assembly reference?) [C:\Users\IS\Documents\Visual Studio 2022\Projects - Copy (2)\AssetManagementSystem - Complete No Auth - Copy\AssetManagement.Application\AssetManagement.Application.csproj]
C:\Users\IS\Documents\Visual Studio 2022\Projects - Copy (2)\AssetManagementSystem - Complete No Auth - Copy\AssetManagement.Application\Handlers\Auth\AuthHandlers.cs(84,21): error CS0246: The type or namespace name 'IdentityUser' could not be found (are you missing a using directive or an assembly reference?) [C:\Users\IS\Documents\Visual Studio 2022\Projects - Copy (2)\AssetManagementSystem - Complete No Auth - Copy\AssetManagement.Application\AssetManagement.Application.csproj]
C:\Users\IS\Documents\Visual Studio 2022\Projects - Copy (2)\AssetManagementSystem - Complete No Auth - Copy\AssetManagement.Application\Handlers\Auth\AuthHandlers.cs(85,9): error CS0246: The type or namespace name 'SignInManager<>' could not be found (are you missing a using directive or an assembly reference?) [C:\Users\IS\Documents\Visual Studio 2022\Projects - Copy (2)\AssetManagementSystem - Complete No Auth - Copy\AssetManagement.Application\AssetManagement.Application.csproj]
C:\Users\IS\Documents\Visual Studio 2022\Projects - Copy (2)\AssetManagementSystem - Complete No Auth - Copy\AssetManagement.Application\Handlers\Auth\AuthHandlers.cs(85,23): error CS0246: The type or namespace name 'IdentityUser' could not be found (are you missing a using directive or an assembly reference?) [C:\Users\IS\Documents\Visual Studio 2022\Projects - Copy (2)\AssetManagementSystem - Complete No Auth - Copy\AssetManagement.Application\AssetManagement.Application.csproj]
C:\Users\IS\Documents\Visual Studio 2022\Projects - Copy (2)\AssetManagementSystem - Complete No Auth - Copy\AssetManagement.Application\Handlers\Auth\AuthHandlers.cs(87,9): error CS0246: The type or namespace name 'AppDbContext' could not be found (are you missing a using directive or an assembly reference?) [C:\Users\IS\Documents\Visual Studio 2022\Projects - Copy (2)\AssetManagementSystem - Complete No Auth - Copy\AssetManagement.Application\AssetManagement.Application.csproj]
C:\Users\IS\Documents\Visual Studio 2022\Projects - Copy (2)\AssetManagementSystem - Complete No Auth - Copy\AssetManagement.Application\Handlers\Auth\PermissionHandlers.cs(12,22): error CS0246: The type or namespace name 'AppDbContext' could not be found (are you missing a using directive or an assembly reference?) [C:\Users\IS\Documents\Visual Studio 2022\Projects - Copy (2)\AssetManagementSystem - Complete No Auth - Copy\AssetManagement.Application\AssetManagement.Application.csproj]
C:\Users\IS\Documents\Visual Studio 2022\Projects - Copy (2)\AssetManagementSystem - Complete No Auth - Copy\AssetManagement.Application\Handlers\Auth\PermissionHandlers.cs(14,43): error CS0246: The type or namespace name 'AppDbContext' could not be found (are you missing a using directive or an assembly reference?) [C:\Users\IS\Documents\Visual Studio 2022\Projects - Copy (2)\AssetManagementSystem - Complete No Auth - Copy\AssetManagement.Application\AssetManagement.Application.csproj]
C:\Users\IS\Documents\Visual Studio 2022\Projects - Copy (2)\AssetManagementSystem - Complete No Auth - Copy\AssetManagement.Application\Handlers\Auth\GetCurrentUserHandler.cs(12,22): error CS0246: The type or namespace name 'UserManager<>' could not be found (are you missing a using directive or an assembly reference?) [C:\Users\IS\Documents\Visual Studio 2022\Projects - Copy (2)\AssetManagementSystem - Complete No Auth - Copy\AssetManagement.Application\AssetManagement.Application.csproj]
C:\Users\IS\Documents\Visual Studio 2022\Projects - Copy (2)\AssetManagementSystem - Complete No Auth - Copy\AssetManagement.Application\Handlers\Auth\GetCurrentUserHandler.cs(12,34): error CS0246: The type or namespace name 'IdentityUser' could not be found (are you missing a using directive or an assembly reference?) [C:\Users\IS\Documents\Visual Studio 2022\Projects - Copy (2)\AssetManagementSystem - Complete No Auth - Copy\AssetManagement.Application\AssetManagement.Application.csproj]
C:\Users\IS\Documents\Visual Studio 2022\Projects - Copy (2)\AssetManagementSystem - Complete No Auth - Copy\AssetManagement.Application\Handlers\Auth\GetCurrentUserHandler.cs(13,22): error CS0246: The type or namespace name 'AppDbContext' could not be found (are you missing a using directive or an assembly reference?) [C:\Users\IS\Documents\Visual Studio 2022\Projects - Copy (2)\AssetManagementSystem - Complete No Auth - Copy\AssetManagement.Application\AssetManagement.Application.csproj]
C:\Users\IS\Documents\Visual Studio 2022\Projects - Copy (2)\AssetManagementSystem - Complete No Auth - Copy\AssetManagement.Application\Handlers\Auth\PermissionHandlers.cs(68,22): error CS0246: The type or namespace name 'AppDbContext' could not be found (are you missing a using directive or an assembly reference?) [C:\Users\IS\Documents\Visual Studio 2022\Projects - Copy (2)\AssetManagementSystem - Complete No Auth - Copy\AssetManagement.Application\AssetManagement.Application.csproj]
C:\Users\IS\Documents\Visual Studio 2022\Projects - Copy (2)\AssetManagementSystem - Complete No Auth - Copy\AssetManagement.Application\Handlers\Auth\PermissionHandlers.cs(70,43): error CS0246: The type or namespace name 'AppDbContext' could not be found (are you missing a using directive or an assembly reference?) [C:\Users\IS\Documents\Visual Studio 2022\Projects - Copy (2)\AssetManagementSystem - Complete No Auth - Copy\AssetManagement.Application\AssetManagement.Application.csproj]
C:\Users\IS\Documents\Visual Studio 2022\Projects - Copy (2)\AssetManagementSystem - Complete No Auth - Copy\AssetManagement.Application\Handlers\Auth\GetCurrentUserHandler.cs(15,39): error CS0246: The type or namespace name 'UserManager<>' could not be found (are you missing a using directive or an assembly reference?) [C:\Users\IS\Documents\Visual Studio 2022\Projects - Copy (2)\AssetManagementSystem - Complete No Auth - Copy\AssetManagement.Application\AssetManagement.Application.csproj]
C:\Users\IS\Documents\Visual Studio 2022\Projects - Copy (2)\AssetManagementSystem - Complete No Auth - Copy\AssetManagement.Application\Handlers\Auth\GetCurrentUserHandler.cs(15,51): error CS0246: The type or namespace name 'IdentityUser' could not be found (are you missing a using directive or an assembly reference?) [C:\Users\IS\Documents\Visual Studio 2022\Projects - Copy (2)\AssetManagementSystem - Complete No Auth - Copy\AssetManagement.Application\AssetManagement.Application.csproj]
C:\Users\IS\Documents\Visual Studio 2022\Projects - Copy (2)\AssetManagementSystem - Complete No Auth - Copy\AssetManagement.Application\Handlers\Auth\GetCurrentUserHandler.cs(15,78): error CS0246: The type or namespace name 'AppDbContext' could not be found (are you missing a using directive or an assembly reference?) [C:\Users\IS\Documents\Visual Studio 2022\Projects - Copy (2)\AssetManagementSystem - Complete No Auth - Copy\AssetManagement.Application\AssetManagement.Application.csproj]
C:\Users\IS\Documents\Visual Studio 2022\Projects - Copy (2)\AssetManagementSystem - Complete No Auth - Copy\AssetManagement.Application\Handlers\Auth\PermissionHandlers.cs(44,22): error CS0246: The type or namespace name 'AppDbContext' could not be found (are you missing a using directive or an assembly reference?) [C:\Users\IS\Documents\Visual Studio 2022\Projects - Copy (2)\AssetManagementSystem - Complete No Auth - Copy\AssetManagement.Application\AssetManagement.Application.csproj]
C:\Users\IS\Documents\Visual Studio 2022\Projects - Copy (2)\AssetManagementSystem - Complete No Auth - Copy\AssetManagement.Application\Handlers\Auth\PermissionHandlers.cs(46,43): error CS0246: The type or namespace name 'AppDbContext' could not be found (are you missing a using directive or an assembly reference?) [C:\Users\IS\Documents\Visual Studio 2022\Projects - Copy (2)\AssetManagementSystem - Complete No Auth - Copy\AssetManagement.Application\AssetManagement.Application.csproj]
C:\Users\IS\Documents\Visual Studio 2022\Projects - Copy (2)\AssetManagementSystem - Complete No Auth - Copy\AssetManagement.Application\Handlers\Auth\PermissionQueryHandlers.cs(11,22): error CS0246: The type or namespace name 'AppDbContext' could not be found (are you missing a using directive or an assembly reference?) [C:\Users\IS\Documents\Visual Studio 2022\Projects - Copy (2)\AssetManagementSystem - Complete No Auth - Copy\AssetManagement.Application\AssetManagement.Application.csproj]
C:\Users\IS\Documents\Visual Studio 2022\Projects - Copy (2)\AssetManagementSystem - Complete No Auth - Copy\AssetManagement.Application\Handlers\Auth\PermissionQueryHandlers.cs(13,42): error CS0246: The type or namespace name 'AppDbContext' could not be found (are you missing a using directive or an assembly reference?) [C:\Users\IS\Documents\Visual Studio 2022\Projects - Copy (2)\AssetManagementSystem - Complete No Auth - Copy\AssetManagement.Application\AssetManagement.Application.csproj]
C:\Users\IS\Documents\Visual Studio 2022\Projects - Copy (2)\AssetManagementSystem - Complete No Auth - Copy\AssetManagement.Application\Handlers\Auth\PermissionQueryHandlers.cs(35,22): error CS0246: The type or namespace name 'AppDbContext' could not be found (are you missing a using directive or an assembly reference?) [C:\Users\IS\Documents\Visual Studio 2022\Projects - Copy (2)\AssetManagementSystem - Complete No Auth - Copy\AssetManagement.Application\AssetManagement.Application.csproj]
C:\Users\IS\Documents\Visual Studio 2022\Projects - Copy (2)\AssetManagementSystem - Complete No Auth - Copy\AssetManagement.Application\Handlers\Auth\PermissionQueryHandlers.cs(37,49): error CS0246: The type or namespace name 'AppDbContext' could not be found (are you missing a using directive or an assembly reference?) [C:\Users\IS\Documents\Visual Studio 2022\Projects - Copy (2)\AssetManagementSystem - Complete No Auth - Copy\AssetManagement.Application\AssetManagement.Application.csproj]
C:\Users\IS\Documents\Visual Studio 2022\Projects - Copy (2)\AssetManagementSystem - Complete No Auth - Copy\AssetManagement.Application\Handlers\Auth\PermissionQueryHandlers.cs(60,22): error CS0246: The type or namespace name 'AppDbContext' could not be found (are you missing a using directive or an assembly reference?) [C:\Users\IS\Documents\Visual Studio 2022\Projects - Copy (2)\AssetManagementSystem - Complete No Auth - Copy\AssetManagement.Application\AssetManagement.Application.csproj]
C:\Users\IS\Documents\Visual Studio 2022\Projects - Copy (2)\AssetManagementSystem - Complete No Auth - Copy\AssetManagement.Application\Handlers\Auth\PermissionQueryHandlers.cs(62,48): error CS0246: The type or namespace name 'AppDbContext' could not be found (are you missing a using directive or an assembly reference?) [C:\Users\IS\Documents\Visual Studio 2022\Projects - Copy (2)\AssetManagementSystem - Complete No Auth - Copy\AssetManagement.Application\AssetManagement.Application.csproj]
    0 Warning(s)
    46 Error(s)

Time Elapsed 00:00:02.00
