  Determining projects to restore...
  All projects are up-to-date for restore.
  AssetManagement.Domain -> C:\Users\IS\Documents\Visual Studio 2022\Projects - Copy (2)\AssetManagementSystem - Complete No Auth - Copy\AssetManagement.Domain\bin\Debug\net9.0\AssetManagement.Domain.dll
C:\Users\IS\Documents\Visual Studio 2022\Projects - Copy (2)\AssetManagementSystem - Complete No Auth - Copy\AssetManagement.Application\DependencyInjection.cs(13,36): error CS1503: Argument 2: cannot convert from 'System.Reflection.Assembly' to 'System.Action<AutoMapper.IMapperConfigurationExpression>' [C:\Users\IS\Documents\Visual Studio 2022\Projects - Copy (2)\AssetManagementSystem - Complete No Auth - Copy\AssetManagement.Application\AssetManagement.Application.csproj]
C:\Users\IS\Documents\Visual Studio 2022\Projects - Copy (2)\AssetManagementSystem - Complete No Auth - Copy\AssetManagement.Application\UseCases\Asset\Validators\CreateAssetCommandValidator.cs(17,34): error CS1061: 'AssetDto' does not contain a definition for 'Quantity' and no accessible extension method 'Quantity' accepting a first argument of type 'AssetDto' could be found (are you missing a using directive or an assembly reference?) [C:\Users\IS\Documents\Visual Studio 2022\Projects - Copy (2)\AssetManagementSystem - Complete No Auth - Copy\AssetManagement.Application\AssetManagement.Application.csproj]
C:\Users\IS\Documents\Visual Studio 2022\Projects - Copy (2)\AssetManagementSystem - Complete No Auth - Copy\AssetManagement.Application\UseCases\AssetItem\TransferAssetsCommand.cs(80,17): error CS0200: Property or indexer 'Asset.Quantity' cannot be assigned to -- it is read only [C:\Users\IS\Documents\Visual Studio 2022\Projects - Copy (2)\AssetManagementSystem - Complete No Auth - Copy\AssetManagement.Application\AssetManagement.Application.csproj]

Build FAILED.

C:\Users\IS\Documents\Visual Studio 2022\Projects - Copy (2)\AssetManagementSystem - Complete No Auth - Copy\AssetManagement.Application\DependencyInjection.cs(13,36): error CS1503: Argument 2: cannot convert from 'System.Reflection.Assembly' to 'System.Action<AutoMapper.IMapperConfigurationExpression>' [C:\Users\IS\Documents\Visual Studio 2022\Projects - Copy (2)\AssetManagementSystem - Complete No Auth - Copy\AssetManagement.Application\AssetManagement.Application.csproj]
C:\Users\IS\Documents\Visual Studio 2022\Projects - Copy (2)\AssetManagementSystem - Complete No Auth - Copy\AssetManagement.Application\UseCases\Asset\Validators\CreateAssetCommandValidator.cs(17,34): error CS1061: 'AssetDto' does not contain a definition for 'Quantity' and no accessible extension method 'Quantity' accepting a first argument of type 'AssetDto' could be found (are you missing a using directive or an assembly reference?) [C:\Users\IS\Documents\Visual Studio 2022\Projects - Copy (2)\AssetManagementSystem - Complete No Auth - Copy\AssetManagement.Application\AssetManagement.Application.csproj]
C:\Users\IS\Documents\Visual Studio 2022\Projects - Copy (2)\AssetManagementSystem - Complete No Auth - Copy\AssetManagement.Application\UseCases\AssetItem\TransferAssetsCommand.cs(80,17): error CS0200: Property or indexer 'Asset.Quantity' cannot be assigned to -- it is read only [C:\Users\IS\Documents\Visual Studio 2022\Projects - Copy (2)\AssetManagementSystem - Complete No Auth - Copy\AssetManagement.Application\AssetManagement.Application.csproj]
    0 Warning(s)
    3 Error(s)

Time Elapsed 00:00:01.57
